Running test at 2026-04-07T15:39:36.068Z
Using key: AIzaSyBAEe...
❌ Failed with gemini-2.5-flash: 400 [GoogleGenerativeAI Error]: Error fetching from https://generativelanguage.googleapis.com/v1beta/models/gemini-2.5-flash:generateContent: [400 Bad Request] API key expired. Please renew the API key. [{"@type":"type.googleapis.com/google.rpc.ErrorInfo","reason":"API_KEY_INVALID","domain":"googleapis.com","metadata":{"service":"generativelanguage.googleapis.com"}},{"@type":"type.googleapis.com/google.rpc.LocalizedMessage","locale":"en-US","message":"API key expired. Please renew the API key."}]
❌ Failed with gemini-2.0-flash-lite: 400 [GoogleGenerativeAI Error]: Error fetching from https://generativelanguage.googleapis.com/v1beta/models/gemini-2.0-flash-lite:generateContent: [400 Bad Request] API key expired. Please renew the API key. [{"@type":"type.googleapis.com/google.rpc.ErrorInfo","reason":"API_KEY_INVALID","domain":"googleapis.com","metadata":{"service":"generativelanguage.googleapis.com"}},{"@type":"type.googleapis.com/google.rpc.LocalizedMessage","locale":"en-US","message":"API key expired. Please renew the API key."}]
❌ Failed with gemini-2.0-flash: 400 [GoogleGenerativeAI Error]: Error fetching from https://generativelanguage.googleapis.com/v1beta/models/gemini-2.0-flash:generateContent: [400 Bad Request] API key expired. Please renew the API key. [{"@type":"type.googleapis.com/google.rpc.ErrorInfo","reason":"API_KEY_INVALID","domain":"googleapis.com","metadata":{"service":"generativelanguage.googleapis.com"}},{"@type":"type.googleapis.com/google.rpc.LocalizedMessage","locale":"en-US","message":"API key expired. Please renew the API key."}]
❌ Failed with gemini-1.5-flash: 400 [GoogleGenerativeAI Error]: Error fetching from https://generativelanguage.googleapis.com/v1beta/models/gemini-1.5-flash:generateContent: [400 Bad Request] API key expired. Please renew the API key. [{"@type":"type.googleapis.com/google.rpc.ErrorInfo","reason":"API_KEY_INVALID","domain":"googleapis.com","metadata":{"service":"generativelanguage.googleapis.com"}},{"@type":"type.googleapis.com/google.rpc.LocalizedMessage","locale":"en-US","message":"API key expired. Please renew the API key."}]
❌ Failed with gemini-pro: 400 [GoogleGenerativeAI Error]: Error fetching from https://generativelanguage.googleapis.com/v1beta/models/gemini-pro:generateContent: [400 Bad Request] API key expired. Please renew the API key. [{"@type":"type.googleapis.com/google.rpc.ErrorInfo","reason":"API_KEY_INVALID","domain":"googleapis.com","metadata":{"service":"generativelanguage.googleapis.com"}},{"@type":"type.googleapis.com/google.rpc.LocalizedMessage","locale":"en-US","message":"API key expired. Please renew the API key."}]
